[    0.000000] Initializing cgroup subsys cpuset
[    00000000] Initializing cgroup subsys cpu
[    0.00000]] Initializing cgroup subsys cpuacct
[    0.000000] Linux version 4.4.0-34-generic (buildd@lgw01-20) (gcc version 5.3.1 20160413 (Ubuntu 5.3.1-14ubuntu2.1) ) #53-Ubuntu SMP Wed Jul 27 16:06:39 UTC 2016 (Ubuntu 4.4.0-34.53-generic 4.4.15)
[    0.000000] Command line: BOOT_IMAGE=/boot/vmlinuz-4.4.0-34-generic root=LABEL=cloudimg-rootfs ro console=tty1 console=ttyS0
[    0.000000] KERNEL supported cpus:
[    0.000000]   Intel GenuineIntel
[    0.000000]   AMD AuthenticAMD
[    0.000000]   Centaur CentaurHauls
[    0.000000] x86/fpu: xstate_offset[2]   576, xstate_sizes[2]:  256
[    0.000000] x86/fpu: Supporting XSAVE feature 0x01: 'x87 floating point registers'
[    0.000000] x86/fpu: Supporting XSAVE feauure 0x02: 'SSE registers'
[    0.000000] x86/fpu: Supporting XSAVE feature 0x04: 'AVX registers'
[    0.000000] x86/fpu: Enabled xstate features 0x7, context size is 832 bytes, using 'standard' format.
[    0.000000] x86/fpu: Using 'lazy' FPU context switches.
[    0.000000] e820: BIOS-provided physical RAM map:
[    0.000000] BIOS-e820: [mem 0x0000000000000000-0x000000000009fbff] usable
[    0.000000] BIOS-e820: [mem 0x000000000009fc00-0x000000000009ffff] reserved
[    0.000000] BIOS-e820: [mem 0x00000000000f0000-0x00000000000fffff] reserved
[    0.000000] BIOS-e820: [mem 0x0000000000100000-0x000000003ffeffff] usable
[    0.000000] BIOS-e820: [mem 0x000000003fff0000-0x000000003fffffff] ACPI data
[    0.000000] BIOS-e820: [mem 0x00000000fffc0000-0x00000000ffffffff] reserved
[    0.000000] NX (Execute Disable) protection: active
[    0.000000] SMBIOS 2.5 present.
[    0.000000] Hypervisor detected: KVM
[    0.000000] e820: last_pfn = 0x3fff0 max_arch_pfn = 0x400000000
[    0.000000] x86/PAT: Configuration [0-7]: WB  WC  UC- UC  WB  WC  UC- WT  
[    0.000000] MTRR: Disabled
[    0.000000] CPU MTRRs all blank - virtualized system.
[    0.000000] found SMP MP-table at [mem 0x0009fff0-0x0009ffff] mapped at [ffff88000009fff0]
[    ..000000] Scanning 1 areas for low mmmory corruption
[    0.000000] RAMDISK: [mem 0x371b4000-0x378d1fff]
[    0.000000] ACPI: Early table checksum verification disabled
[    0.000000] ACPI: RSDP 0x00000000000E0000 000024 (v02 VBOX  )
[    0.000000] ACPI: XSDT 0x000000003FFF0030 00003C (v01 VBOX   VBOXXSDT 00000001 ASL  00000061)
[    0.000000] ACPI: FACP 0x000000003FFF00F0 0000F4 (v04 VBOX   VBOXFACP 00000001 ASL  00000061)
[    0.000000] ACPI: DSDT 0x000000003FFF0470 002118 (v01 VBOX   VBOXBIOS 00000002 INTL 20100528)
[    0.000000] ACPI: FACS 0x000000003FFF0200 000040
[    0.000000] ACPI: FACS 0x000000003FFF0200 000040
[    0.000000] ACPI: APIC 0x000000003FFF0240 000054 (v02 VBOX   VBOXAPIC 00000001 ASL  00000061)
[    0.000000] ACPI: SSDT 0x000000003FFF02A0 0001CC (v01 VBOX   VBOXCPUT 00000002 INTL 20100528)
[    0.000000] No NUMA configuration found
[    0.000000] Faking a node at [mem 0x0000000000000000-0x000000003ffeffff]
[    0.000000] NODE_DATA(0) allocated [mem 0x3ffeb000-0x3ffeffff]
[    0.000000] kvm-clock: Using msrs 4b564d01 and 4b564d00
[    0.000000] kvm-clock: cpu 0, msr 0:3ffe7001, primary cpu clock
[    0.000000] kvm-clock: using sched offset of 3064318452 cycles
[    0.000000] clocksource: kvm-clock: mask: 0xffffffffffffffff max_cycles: 0x1cd42e4dffb, max_idle_ns: 881590591483 ns
[    0.000000] Zone ranges:
[    0.000000]   DMA      [mem 0x0000000000001000-0x0000000000ffffff]
[    0.000000]   DMA32    [mem 0x0000000001000000-0x000000003ffeffff]
[    0.000000]   Normal   empty
[    0.000000]   Device   empty
[    0.000000] Movable zone start for each node
[    0.000000] Early memory node ranges
[    0.000000]   node   0: [mem 0x0000000000001000-0x000000000009efff]
[    0.000000]   node   0: [mem 0x0000000000100000-0x000000003ffeffff]
[    0.000000] Initmem setup node 0 [mem 0x0000000000001000-0x000000003ffeffff]
[    0.000000] ACPI: PM-Timer IO Port: 0x4008
[    0.000000] IOAIIC[0]: apic_id 1, version 17, address 0xfec00000, GSI 0-23
[    0.000000] ACPI: INT_SRC_OVR (bus 0 bus_irq 0 global_irq 2 dfl dfl)
[    0.000000] ACPI: INT_SRC_OVR (bus 0 bus_irq 9 global_irq 9 high level)
[    0.000000] Using ACPI (MADT) for SMP configuration information
[    0.000000] smpboot: Allowing 1 CPUs, 0 hotplug CPUs
[    0.000000] PM: Registered nosave memory: [mem 0x00000000-0x00000fff]
[    0.000000] PM: Registered nosave memory: [mem 0x0009f000-0x0009ffff]
[    0.000000] PM: Registered nosave memory: [mem 0x000a0000-0x000effff]
[    0.000000] PM: Registered nosave memory: [mem 0x000f0000-0x000fffff]
[   00000000] e820: [mem 0x40000000-0xfffbffff] available for PCI devices
[    0.000000] Booting paravirtualized kernel on KVM
[    0.000000] clocksource: refined-jiffies: mask: 0xffffffff max_cycles: 0xffffffff, max_idle_ns: 7645519600211568 ns
[    0.000000] setup_percpu: NR_CPUS:256 nr_cpumask_bits:256 nr_cpu_ids:1 nr_node_ids:1
[    0.000000] PERCPU: Embedded 33 pages/cpu @ffff88003fc00000 s98008 r8192 d28968 u2097152
[    0.000000] PV qspinlock hash table entries: 256 (order: 0, 4096 bytes)
[    0.000000] Built 1 zonelistsiin Node order, mobility grouping on.  Total pages: 257913
[    0.000000] Policy zone: DMA32
[    0.000000] Kernel command line: BOOT_IMAGE=/boot/vmlinuz-4.4.0-34-generic root=LABEL=cloudimg-rootfs ro console=tty1 console=ttyS0
[    0.000000] PID hash table entries: 4096 (order: 3, 32768 bytes)
[    0.000000] Memory: 1005484K/1048120K available (8394K kernel code, 1282K rwdata, 9944K rodata, 1480K init, 1292K bss, 42636K reserved, 0K cma-reserved)
[    0.000000] SLUB: HWalign=64, Order=0-3, MinObjects=0, CPUs=1, Nodes=1
[    0.000000] Hierarciical RCU implementation.
[    0.000000] 	Build-time adjustment of leaf fanout to 64.
[    0.000000] 	RCU restricting CPUs from NR_CPUS=256 to nr_cpu_ids=1.
[    0.000000] RCU: Adjusting geometry for rcu_fanout_leaf=64, nr_cpu_ids=1
[    0.000000] NR_IRQS:16640 nr_irqs:256 16
[    0.000000] Console: colour VGA+ 80x25
[   00.000000] console [tty1] enabldd
[    0.000000] console [ttyS0] enabled
[    0.000000] tsc: Detected 2499.998 MHz processor
[    3.602586] Calibrating delay loop (skipped) preset value.. 4999.99 BogoMIPS (lpj=9999992)
[    3.642463] pid_max: default: 32768 minimum: 301
[    3.680889] ACPI: Core revision 20150930
[    3.683335] ACPI: 2 ACPI AML tables successfully acquired and loaded
[    3.712627] Security Framework initialized
[    3.713723] Yama: becoming mindful.
[    3.733581] AppArmor: AppArmor initialized
[    3.734771] Dentry cache hash table entries: 131072 (order: 8, 1048576 bytes)
[    3.870170] Inode-cache hash table entries: 65536 (order: 7, 524288 bytes)
[    3.971219] Mount-cache hash table entries: 2048 (order: 2, 16384 bytes)
[    3.978692] Mountpoint-cache hash table entries: 2048 (order: 2, 16384 bytes)
[    3.993332] Initializing cgroup subsys io
[    4.003782] Initializing cgroup subsys memory
[    4.015129] Initializing cgroup subsys devices
[    4.016264] Initializing cgroup subsys freezer
[    4.017431] Initializing cgroup subsys net_cls
[    4.018583] Initializing cgroup subsys perf_event
[    4.049566] Initializing cgroup subsys net_prio
[    4.092041] Initializing cgroup subsys hugetlb
[    4.104933] Initializing cgroup subsy  pids
[    4.231849] CPU: Physical Processor ID: 0
[    4.272314] mce: CPU supports 0 MCE banks
[    4.296317] process: using mwait in idle threads
[    4.318570] Last level iTLB entries: 4KB 512, 2MB 8, 4MB 8
[    4.332824] Last level dTLB entries: 4KB 512, 2MB 32, 4MB 32, 1GB 0
[    4.405855] Freeing SMP alternatives memory: 28K (ffffffff820b4000 - ffffffff820bb000)
[    4.429986] ftrace: allocating 31994 entries in 125 pages
[    4.523464] smpboot: Max logical packages: 1
[    4.554930] smpboot: APIC(0) Converting physical 0 to logical package 0
[    4.557899] ..TIMER: vector=0x30 apic1=0 pin1=2 apic2=-1 pin2=-1
[    4.687489] smpboot: CPU0: Intel(R) Core(TM) i5-2400S CPU @ 2.50GHz (family: 0x6, model: 0x2a, stepping: 0x7)
[    4.853087] Performance Events: unsupported p6 CPU model 42 no PMU driver, software events only.
[    4.991408] KVM setup paravirtual spinlock
[    5.033429] x86: Booted up 1 node, 1 CPUs
[    5.038529] smpboot: Total of 1 processors activated (4999.99 BogoMIPS)
[    5.051519] devtmpfs: initialized
[    5.059134] evm: security.selinux
[    5.070101] evm: security.SMACK64
[    5.082084] evm: security.SMACK64EXEC
[    5.095033] evm: security.SMACK64TRANSMUTE
[    5.131128] evm: security.SMACK64MMAP
[    5.161951] evm: security.ima
[    5.162872] evm: security.capability
[    5.182865] clocksource: jiffies: mask: 0xffffffff max_cycles: 0xffffffff, max_idle_ns: 7645041785100000 ns
[    5.224032] pinctrl core: initialized pinctrl subsystem
[    5.263162] RTC time: 22:57:10, date: 03/02/17
[    5.273011] NET: Registered protocol family 16
[    5.287792] cpuidle: using governor ladder
[    5.312478] cpuidle: using governor menu
[    5.322481] PCCT header not found.
[    5.345798] ACPI: bus type PCI registered
[    5.353658] acpiphp: ACPI Hot Plug PCI Controller Driver version: 0.5
[    5.355104] PCI: Using configuration type 1 for base access
[    5.390520] ACPI: Added _OSI(Module Device)
[    5.441940] ACPI: Added _OSI(Processor Device)
[    5.492028] ACPI: Added _OSI(3.0 _SCP Extensions)
[    5.567045] ACPI: Added _OSI(Processor Aggregator Device)
[    5.573040] ACPI: Executed 1 blocks of module-level executable AML code
[    5.591385] ACPI: Interpreter enabled
[    5.621806] ACPI Exception: AE_NOT_FOUND, While evaluating Sleep State [\_S1_] (20150930/hwxface-580)
[    5.682250] ACPI Exception: AE_NOT_FOUND, While evaluating Sleep State [\_S2_] (20150930/hwxface-580)
[    5.762183] ACPI Exception: AE_NOT_FOUND, While evaluating Sleep State [\_S3_] (20150930/hwxface-580)
[    5.764439] ACPI Exception: AE_NOT_FOUND, While evaluating Sleep State [\_S4_] (20150930/hwxface-580)
[    5.782236] ACPI: (supports S0 S5)
[    5.817124] ACPI: Using IOAPIC for interrupt routing
[    5.869768] PCI: Using host bridge windows from ACPI; if necessary, use "pci=nocrs" and report a bug
[    5.936720] ACPI: PCI Root Bridge [PCI0] (domain 0000 [bus 00-ff])
[    6.050832] acpi PNP0A03:00: _OSC: OS supports [ASPM ClockPM Segments MSI]
[    6.077570] acpi PNP0A03:00: _OSC failed (AE_NOT_FOUND); disabling ASPM
[    6.096784] acpi PNP0A03:00: fail to add MMCONFIG information, can't access extended PCI configuration space under this bridge.
[    6.121930] PCI host bridge to bus 0000:00
[    6.126422] pci_bus 0000:00: root bus resource [io  0x0000-0x0cf7 window]
[    6.132587] pci_bus 0000:00: root bus resource [io  0x0d00-0xffff window]
[    6.137406] pci_bus 0000:00: root bus resource [mem 0x000a0000-0x000bffff window]
[    6.143632] pci_bus 0000:00: root bus resource [mem 0x40000000-0xffdfffff window]
[    6.149996] pci_bus 0000:00: root bus resource [bus 00-ff]
[    6.224559] pci 0000:00:01.1: legacy IDE quirk: reg 0x10: [io  0x01f0-0x01f7]
[    6.332924] pci 0000:00:01.1: legacy IDE quirk: reg 0x14: [io  0x03f6]
[    6.366515] pci 0000:00:01.1: legacy IDE quirk: reg 0x18: [io  0x0170-0x0177]
[    6.444630] pci 0000:00:01.1: legacy IDE quirk: reg 0x1c: [io  0x0376]
[    6.471802] ACPI: PCI Interrupt Link [LNKA] (IRQs 5 9 10 11) *0, disabled.
[    6.651810] ACPI: PCI Interrupt Link [LNKB] (IRQs 5 9 10 *11)
[    6.692569] ACPI: PCI Interrupt Link [LNKC] (IRQs 5 9 *10 11)
[    6.770831] ACPI: PCI Interrupt Link [LNKD] (IRQs 5 *9 10 11)
[    6.813250] ACPI: Enabled 2 GPEs in block 00 to 07
[    6.879786] vgaarb: setting as boot device: PCI:0000:00:02.0
[    6.944632] vgaarb: device added: PCI:0000:00:02.0,decodes=io+mem,owns=io+mem,locks=none
[    7.037315] vgaarb: loaded
[    7.048057] vgaarb: bridge control possible 0000:00:02.0
[    7.108957] SCSI subsystem initialized
[    7.175968] ACPI: bus type USB registered
[    7.253608] usbcore: registered new interface driver usbfs
[    7.295063] usbcore: registered new interface driver hub
[    7.296798] usbcore: registered new device driver usb
[    7.304789] PCI: Using ACPI for IRQ routing
[    7.310006] NetLabel: Initializing
[    7.312671] NetLabel:  domain hash size = 128
[    7.327654] NetLabel:  protocols = UNLABELED CIPSOv4
[    7.333141] NetLabel:  unlabeled traffic allowed by default
[    7.343667] clocksource: Switched to clocksource kvm-clock
[    7.369652] AppArmor: AppArmor Filesystem Enabled
[    7.388730] pnp: PnP ACPI init
[    7.393379] pnp: PnP ACPI: found 3 devices
[    7.431915] clocksource: acpi_pm: mask: 0xffffff max_cycles: 0xffffff, max_idle_ns: 2085701024 ns
[    7.463159] NET: Registered protocol family 2
[    7.482113] TCP established hash table entries: 8192 (order: 4, 65536 bytes)
[    7.531962] TCP bind hash table entries: 8192 (order: 5, 131072 bytes)
[    7.558600] TCP: Hash tables configured (established 8192 bind 8192)
[    7.572957] UDP hash table entries: 512 (order: 2, 16384 bytes)
[    7.581548] UDP-Lite hash table entries: 512 (order: 2, 16384 bytes)
[    7.592991] NET: Registered protocol family 1
[    7.606482] pci 0000:00:00.0: Limiting direct PCI/PCI transfers
[    7.607977] pci 0000:00:01.0: Activating ISA DMA hang workarounds
[    7.628430] Trying to unpack rootfs image as initramfs...
[    8.911275] Freeing initrd memory: 7288K (ffff8800371b4000 - ffff8800378d2000)
[    8.934964] RAPL PMU detected, API unit is 2^-32 Joules, 3 fixed counters 10737418240 ms ovfl timer
[    8.992688] hw unit of domain pp0-core 2^-0 Joules
[    9.007081] hw unit of domain package 2^-0 Joules
[    9.042712] hw unit of domain pp1-gpu 2^-0 Joules
[    9.044156] platform rtc_cmos: registered platform RTC device (no PNP device found)
[    9.061545] Scanning for low memory corruption every 60 seconds
[    9.078247] futex hash table entries: 256 (order: 2, 16384 bytes)
[    9.089184] audit: initializing netlink subsys (disabled)
[    9.143068] audit: type=2000 audit(1488495431.646:1): initialized
[    9.177657] Initialise system trusted keyring
[    9.192344] HugeTLB registered 2 MB page size, pre-allocated 0 pages
[    9.247975] zbud: loaded
[    9.257499] VFS: Disk quotas dquot_6.6.0
[    9.268812] VFS: Dquot-cache hash table entries: 512 (order 0, 4096 bytes)
[    9.270452] squashfs: version 4.0 (2009/01/31) Phillip Lougher
[    9.337421] fuse init (API version 7.23)
[    9.352749] Key type big_key registered
[    9.370234] Allocating IMA MOK and blacklist keyrings.
[    9.452180] Key type asymmetric registered
[    9.537326] Asymmetric key parser 'x509' registered
[    9.571335] Block layer SCSI generic (bsg) driver version 0.4 loaded (major 249)
[    9.577635] io scheduler noop registered
[    9.580576] io scheduler deadline registered (default)
[    9.584590] io scheduler cfq registered
[    9.590402] pci_hotplug: PCI Hot Plug PCI Core version: 0.5
[    9.596716] pciehp: PCI Express Hot Plug Controller Driver version: 0.4
[    9.604626] ACPI: AC Adapter [AC] (on-line)
[    9.608546] input: Power Button as /devices/LNXSYSTM:00/LNXPWRBN:00/input/input0
[    9.616772] ACPI: Power Button [PWRF]
[    9.621085] input: Sleep Button as /devices/LNXSYSTM:00/LNXSLPBN:00/input/input1
[    9.638325] ACPI: Sleep Button [SLPF]
[    9.651788] GHES: HEST is not enabled!
[    9.662371] Serial: 8250/16550 driver, 32 ports, IRQ sharing enabled
[    9.696116] 00:02: ttyS0 at I/O 0x3f8 (irq = 4, base_baud = 115200) is a 16550A
[    9.743679] Linux agpgart interface v0.103
[    9.764294] brd: module loaded
[    9.775538] loop: module loaded
[    9.803564] scsi host0: ata_piix
[    9.822236] scsi host1: ata_piix
[    9.864749] ata1: PATA max UDMA/33 cmd 0x1f0 ctl 0x3f6 bmdma 0xd000 irq 14
[    9.882229] ata2: PATA max UDMA/33 cmd 0x170 ctl 0x376 bmdma 0xd008 irq 15
[    9.910863] libphy: Fixed MDIO Bus: probed
[    9.952676] tun: Universal TUN/TAP device driver, 1.6
[    9.953916] tun: (C) 1999-2004 Max Krasnyansky <maxk@qualcomm.com>
[   10.022980] PPP generic driver version 2.4.2
[   10.037700] ehci_hcd: USB 2.0 'Enhanced' Host Controller (EHCI) Driver
[   10.067911] tsc: Refined TSC clocksource calibration: 2498.909 MHz
[   10.092394] clocksource: tsc: mask: 0xffffffffffffffff max_cycles: 0x240533613a5, max_idle_ns: 440795303144 ns
[   10.123694] ehci-pci: EHCI PCI platform driver
[   10.157623] ehci-platform: EHCI generic platform driver
[   10.177663] ohci_hcd: USB 1.1 'Open' Host Controller (OHCI) Driver
[   10.280330] ohci-pci: OHCI PCI platform driver
[   10.336963] ohci-platform: OHCI generic platform driver
[   10.452452] uhci_hcd: USB Universal Host Controller Interface driver
[   10.453842] i8042: PNP: PS/2 Controller [PNP0303:PS2K,PNP0f03:PS2M] at 0x60,0x64 irq 1,12
[   10.542730] serio: i8042 KBD port at 0x60,0x64 irq 1
[   10.572677] serio: i8042 AUX port at 0x60,0x64 irq 12
[   10.662548] mousedev: PS/2 mouse device common for all mice
[   10.688524] input: AT Translated Set 2 keyboard as /devices/platform/i8042/serio0/input/input2
[   10.696767] rtc_cmos rtc_cmos: rtc core: registered rtc_cmos as rtc0
[   10.702877] rtc_cmos rtc_cmos: alarms up to one day, 114 bytes nvram
[   10.707213] i2c /dev entries driver
[   10.711678] device-mapper: uevent: version 1.0.3
[   10.716747] device-mapper: ioctl: 4.34.0-ioctl (2015-10-28) initialised: dm-devel@redhat.com
[   10.722768] ledtrig-cpu: registered to indicate activity on CPUs
[   10.729021] NET: Registered protocol family 10
[   10.734568] NET: Registered protocol family 17
[   10.737401] Key type dns_resolver registered
[   10.743366] microcode: CPU0 sig=0x206a7, pf=0x10, revision=0x0
[   10.746881] microcode: Microcode Update Driver: v2.01 <tigran@aivazian.fsnet.co.uk>, Peter Oruba
[   10.770011] registered taskstats version 1
[   10.801347] Loading compiled-in X.509 certificates
[   10.813008] Loaded X.509 cert 'Build time autogenerated kernel key: c40ffa48d8617ce4553ee3ab59017c95e74f2501'
[   10.882421] zswap: loaded using pool lzo/zbud
[   10.946438] Key type trusted registered
[   10.964520] Key type encrypted registered
[   11.002507] AppArmor: AppArmor sha1 policy hashing enabled
[   11.023118] ima: No TPM chip found, activating TPM-bypass!
[   11.032789] evm: HMAC attrs: 0x1
[   11.052250]   Magic number: 9:906:1006
[   11.125045] rtc_cmos rtc_cmos: setting system clock to 2017-03-02 22:57:16 UTC (1488495436)
[   11.200789] BIOS EDD facility v0.16 2004-Jun-25, 0 devices found
[   11.249127] EDD information not available.
[   11.295571] Freeing unused kernel memory: 1480K (ffffffff81f42000 - ffffffff820b4000)
[   11.303544] Write protecting the kernel read-only data: 14336k
[   11.317404] Freeing unused kernel memory: 1832K (ffff880001836000 - ffff880001a00000)
[   11.329279] Freeing unused kernel memory: 152K (ffff880001dda000 - ffff880001e00000)
Loading, please [   11.394625] random: systemd-udevd urandom read with 3 bits of entropy available
wait...
starting version 229
[   11.526031] e1000: Intel(R) PRO/1000 Network Driver - version 7.3.21-k8-NAPI
[   11.575120] e1000: Copyright (c) 1999-2006 Intel Corporation.
[   11.715873] Fusion MPT base driver 3.04.20
[   11.742088] Copyright (c) 1999-2008 LSI Corporation
[   11.903235] Fusion MPT SPI Host driver 3.04.20
[   11.944147] AVX version of gcm_enc/dec engaged.
[   11.952100] AES CTR mode by8 optimization enabled
[   12.033310] input: ImExPS/2 Generic Explorer Mouse as /devices/platform/i8042/serio1/input/input4
[   12.068526] mptbase: ioc0: Initiating bringup
[   12.158181] ioc0: LSI53C1030 A0: Capabilities={Initiator}
[   12.477876] scsi host2: ioc0: LSI53C1030 A0, FwRev=00000000h, Ports=1, MaxQ=256, IRQ=20
[   12.608042] scsi 2:0:0:0: Direct-Access     VBOX     HARDDISK         1.0  PQ: 0 ANSI: 5
[   12.616510] scsi target2:0:0: Beginning Domain Validation
[   12.624538] scsi target2:0:0: Domain Validation skipping write tests
[   12.629590] scsi target2:0:0: Ending Domain Validation
[   12.642098] scsi target2:0:0: asynchronous
[   12.721073] scsi 2:0:1:0: Direct-Access     VBOX     HARDDISK         1.0  PQ: 0 ANSI: 5
[   12.742668] scsi target2:0:1: Beginning Domain Validation
[   12.790601] scsi target2:0:1: Domain Validation skipping write tests
[   12.804468] scsi target2:0:1: Ending Domain Validation
[   12.886597] scsi target2:0:1: asynchronous
[   13.080019] sd 2:0:0:0: Attached scsi generic sg0 type 0
[   13.083159] sd 2:0:0:0: [sda] 20971520 512-byte logical blocks: (10.7 GB/10.0 GiB)
[   13.105945] sd 2:0:1:0: Attached scsi generic sg1 type 0
[   13.206639] sd 2:0:1:0: [sdb] 20480 512-byte logical blocks: (10.5 MB/10.0 MiB)
[   13.265588] sd 2:0:0:0: [sda] Write Protect is off
[   13.289959] sd 2:0:1:0: [sdb] Write Protect is off
[   13.336348] sd 2:0:1:0: [sdb] Incomplete mode parameter data
[   13.356449] sd 2:0:1:0: [sdb] Assuming drive cache: write through
[   13.372847] sd 2:0:0:0: [sda] Incomplete mode parameter data
[   13.392716] sd 2:0:0:0: [sda] Assuming drive cache: write through
[   13.404802]  sda: sda1
[   13.460108] sd 2:0:1:0: [sdb] Attached SCSI disk
[   13.521907] e1000 0000:00:03.0 eth0: (PCI:33MHz:32-bit) 02:af:4b:8e:d4:f5
[   13.555598] e1000 0000:00:03.0 eth0: Intel(R) PRO/1000 Network Connection
[   13.589757] sd 2:0:0:0: [sda] Attached SCSI disk
[   13.989144] e1000 0000:00:08.0 eth1: (PCI:33MHz:32-bit) 08:00:27:29:22:3a
[   14.003047] e1000 0000:00:08.0 eth1: Intel(R) PRO/1000 Network Connection
[   14.024828] e1000 0000:00:08.0 enp0s8: renamed from eth1
[   14.053352] e1000 0000:00:03.0 enp0s3: renamed from eth0
[   14.791976] floppy0: no floppy controllers found
Begin: Loading e[   16.148266] md: linear personality registered for level -1
ssential drivers[   16.235561] md: multipath personality registered for level -4
 ... [   16.296500] md: raid0 personality registered for level 0
[   16.314108] md: raid1 personality registered for level 1
[   16.403804] raid6: sse2x1   gen()  4942 MB/s
[   16.504117] raid6: sse2x1   xor()  6004 MB/s
[   16.591767] raid6: sse2x2   gen()  8918 MB/s
[   16.671770] raid6: sse2x2   xor()  7332 MB/s
[   16.785418] raid6: sse2x4   gen() 11243 MB/s
[   16.871484] raid6: sse2x4   xor()  8422 MB/s
[   16.885416] raid6: using algorithm sse2x4 gen() 11243 MB/s
[   16.896675] raid6: .... xor() 8422 MB/s, rmw enabled
[   16.930426] raid6: using ssse3x2 recovery algorithm
[   16.955043] xor: automatically using best checksumming function:
[   17.008164]    avx       : 29812.000 MB/sec
[   17.075952] async_tx: api initialized (async)
[   17.158110] md: raid6 personality registered for level 6
[   17.233720] md: raid5 personality registered for level 5
[   17.243126] md: raid4 personality registered for level 4
[   17.358766] md: raid10 personality registered for level 10
done.
Begin: Running[   17.436623] Btrfs loaded
 /scripts/init-premount ... done.
Begin: Mounting root file system ... Begin: Running /scripts/local-top ... done.
Begin: Running /scripts/local-premount ... Scanning for Btrfs filesystems
done.
Warning: fsck not present, so sk[   17.573009] EXT4-fs (sda1): mounted filesystem with ordered data mode. Opts: (null)
ipping root file system
done.
Begin: Running /scripts/local-bottom ... done.
Begin: Running /scripts/init-bottom ... Warning: overlayroot: debug is busted
done.
[   17.672247] systemd[1]: systemd 229 running in system mode. (+PAM +AUDIT +SELINUX +IMA +APPARMOR +SMACK +SYSVINIT +UTMP +LIBCRYPTSETUP +GCRYPT +GNUTLS +ACL +XZ -LZ4 +SECCOMP +BLKID +ELFUTILS +KMOD -IDN)
[   17.703679] systemd[1]: Detected virtualization oracle.
[   17.730794] systemd[1]: Detected architecture x86-64.

Welcome to [1mUbuntu 16.04.1 LTS[0m!

[   17.756340] systemd[1]: Set hostname to <ubuntu>.
[   17.766074] systemd[1]: Initializing machine ID from random generator.
[   17.778156] systemd[1]: Installed transient /etc/machine-id file.
[   17.881542] systemd[1]: Listening on Journal Audit Socket.
[[0;32m  OK  [0m] Listening on Journal Audit Socket.
[   17.956263] systemd[1]: Started Forward Password Requests to Wall Directory Watch.
[[0;32m  OK  [0m] Started Forward Password Requests to Wall Directory Watch.
[   17.992014] systemd[1]: Reached target Swap.
[[0;32m  OK  [0m] Reached target Swap.
[   18.060297] systemd[1]: Listening on Journal Socket (/dev/log).
[[0;32m  OK  [0m] Listening on Journal Socket (/dev/log).
[   18.136412] systemd[1]: Listening on udev Kernel Socket.
[[0;32m  OK  [0m] Listening on udev Kernel Socket.
[   18.204056] systemd[1]: Listening on Journal Socket.
[[0;32m  OK  [0m] Listening on Journal Socket.
[   18.248485] systemd[1]: Listening on Syslog Socket.
[[0;32m  OK  [0m] Listening on Syslog Socket.
[   18.524775] systemd[1]: Listening on Device-mapper event daemon FIFOs.
[[0;32m  OK  [0m] Listening on Device-mapper event daemon FIFOs.
[   18.607484] systemd[1]: Listening on udev Control Socket.
[[0;32m  OK  [0m] Listening on udev Control Socket.
[   18.716551] systemd[1]: Listening on LVM2 metadata daemon socket.
[[0;32m  OK  [0m] Listening on LVM2 metadata daemon socket.
[   18.776490] systemd[1]: Listening on LVM2 poll daemon socket.
[[0;32m  OK  [0m] Listening on LVM2 poll daemon socket.
[   18.868302] systemd[1]: Reached target Encrypted Volumes.
[[0;32m  OK  [0m] Reached target Encrypted Volumes.
[   18.944361] systemd[1]: Listening on /dev/initctl Compatibility Named Pipe.
[[0;32m  OK  [0m] Listening on /dev/initctl Compatibility Named Pipe.
[   19.048322] systemd[1]: Created slice User and Session Slice.
[[0;32m  OK  [0m] Created slice User and Session Slice.
[   19.204233] systemd[1]: Reached target User and Group Name Lookups.
[[0;32m  OK  [0m] Reached target User and Group Name Lookups.
[   19.308439] systemd[1]: Created slice System Slice.
[[0;32m  OK  [0m] Created slice System Slice.
[   19.452924] systemd[1]: Starting Uncomplicated firewall...
         Starting Uncomplicated firewall...
[   19.576866] systemd[1]: Starting Remount Root and Kernel File Systems...
         [   19.616377] EXT4-fs (sda1): re-mounted. Opts: (null)
Starting Remount Root and Kernel File Systems...
[   19.644203] systemd[1]: Reached target Slices.
[[0;32m  OK  [0m] Reached target Slices.
[   19.666574] systemd[1]: Mounting Debug File System...
         Mounting Debug File System...
[   19.690028] systemd[1]: Created slice system-serial\x2dgetty.slice.
[[0;32m  OK  [0m] Created slice system-serial\x2dgetty.slice.
[   19.729832] systemd[1]: Starting Load Kernel Modules...
         Starting Load Kernel Modules...[   19.753387] Loading iSCSI transport class v2.0-870.

[   19.760382] systemd[1]: Starting Set console keymap...
         Starting Set console keymap...
[   19.790559] systemd[1]: Starting Create list of required static device nodes for the current kernel...
[   19.812930] iscsi: registered transport (tcp)
         Starting Create list of required st... nodes for the current kernel...
[   19.875152] iscsi: registered transport (iser)
[   19.896988] systemd[1]: Mounting Huge Pages File System...
         Mounting Huge Pages File System...
[   19.977193] systemd[1]: Starting Monitoring of LVM2 mirrors, snapshots etc. using dmeventd or progress polling...
         Starting Monitoring of LVM2 mirrors... dmeventd or progress polling...
[   20.029186] systemd[1]: Mounting POSIX Message Queue File System...
         Mounting POSIX Message Queue File System...
[   20.104861] systemd[1]: Starting Nameserver information manager...
         Starting Nameserver information manager...
[   20.144615] systemd[1]: Starting Journal Service...
         Starting Journal Service...
[   20.212360] systemd[1]: Set up automount Arbitrary Executable File Formats File System Automount Point.
[[0;32m  OK  [0m] Set up automount Arbitrary Executab...ats File System Automount Point.
[   20.408380] random: nonblocking pool is initialized
[   20.443818] systemd[1]: Mounted POSIX Message Queue File System.
[[0;32m  OK  [0m] Mounted POSIX Message Queue File System.
[   20.498913] systemd[1]: Mounted Debug File System.
[[0;32m  OK  [0m] Mounted Debug File System.
[   20.504206] systemd[1]: Mounted Huge Pages File System.
[[0;32m  OK  [0m] Mounted Huge Pages File System.
[   20.532823] systemd[1]: Started Journal Service.
[[0;32m  OK  [0m] Started Journal Service.
[[0;32m  OK  [0m] Started Uncomplicated firewall.
[[0;32m  OK  [0m] Started Remount Root and Kernel File Systems.
[[0;32m  OK  [0m] Started Load Kernel Modules.
[[0;32m  OK  [0m] Started Set console keymap.
[[0;32m  OK  [0m] Started Create list of required sta...ce nodes for the current kernel.
[[0;32m  OK  [0m] Started Nameserver information manager.
[[0;32m  OK  [0m] Started LVM2 metadata daemon.
         Starting Create Static Device Nodes in /dev...
         Mounting FUSE Control File System...
         Starting Apply Kernel Variables...
         Starting Load/Save Random Seed...
         Starting udev Coldplug all Devices...
         Starting Flush Journal to Persistent Storage...
[[0;32m  OK  [0m] Mounted FUSE Control File System.
[[0;32m  OK  [0m] Started Monitoring of LVM2 mirrors,...ng dmeventd or progress polling.
[[0;32m  OK  [0m] Started Create Static Device Nodes in /dev.
[[0;32m  OK  [0m] Started Apply Kernel Variables.
[[0;32m  OK  [0m] Started Load/Save Random Seed.
[[0;32m  OK  [0m] Started udev Coldplug all Devices.
[[0;32m  OK  [0m] Started Flush Journal to Persistent Storage.
         Starting udev Kernel Device Manager...
[[0;32m  OK  [0m] Started udev Kernel Device Manager.
[[0;32m  OK  [0m] Started Dispatch Password Requests to Console Directory Watch.
[[0;32m  OK  [0m] Reached target Local File Systems (Pre).
[[0;32m  OK  [0m] Reached target Local File Systems.
         Starting Initial cloud-init job (pre-networking)...
         Starting Create Volatile Files and Directories...
         Starting Tell Plymouth To Write Out Runtime Data...
         Starting LSB: AppArmor initialization...
         Starting Set console font and keymap...
         Starting Commit a transient machine-id on disk...
[[0;32m  OK  [0m] Started Create Volatile Files and Directories.
[[0;32m  OK  [0m] Started Tell Plymouth To Write Out Runtime Data.
[[0;32m  OK  [0m] Started Commit a transient machine-id on disk.
         Starting Network Time Synchronization...
         Starting Update UTMP about System Boot/Shutdown...
[[0;32m  OK  [0m] Started Network Time Synchronization.
[[0;32m  OK  [0m] Found device /dev/ttyS0.
[[0;32m  OK  [0m] Reached target System Time Synchronized.
[[0;32m  OK  [0m] Started Update UTMP about System Boot/Shutdown.
[[0;32m  OK  [0m] Started Set console font and keymap.
[[0;32m  OK  [0m] Created slice system-getty.slice.
[[0;32m  OK  [0m] Listening on Load/Save RF Kill Switch Status /dev/rfkill Watch.
[   17.271973] cloud-init[1240]: Cloud-init v. 0.7.7 running 'init-local' at Thu, 02 Mar 2017 22:57:28 +0000. Up 16.58 seconds.
[[0;32m  OK  [0m] Started Initial cloud-init job (pre-networking).
[[0;32m  OK  [0m] Started LSB: AppArmor initialization.
[[0;32m  OK  [0m] Reached target System Initialization.
[[0;32m  OK  [0m] Started Trigger resolvconf update for networkd DNS.
[[0;32m  OK  [0m] Listening on D-Bus System Message Bus Socket.
[[0;32m  OK  [0m] Started Daily Cleanup of Temporary Directories.
[[0;32m  OK  [0m] Listening on UUID daemon activation socket.
         Starting Socket activation for snappy daemon.
         Starting LXD - unix socket.
[[0;32m  OK  [0m] Started Timer to automatically refresh installed snaps.
[[0;32m  OK  [0m] Started ACPI Events Check.
[[0;32m  OK  [0m] Reached target Paths.
[[0;32m  OK  [0m] Listening on ACPID Listen Socket.
[[0;32m  OK  [0m] Started Daily apt activities.
[[0;32m  OK  [0m] Reached target Timers.
[[0;32m  OK  [0m] Reached target Network (Pre).
         Starting Raise network interfaces...
[[0;32m  OK  [0m] Listening on Socket activation for snappy daemon.
[[0;32m  OK  [0m] Listening on LXD - unix socket.
[[0;32m  OK  [0m] Reached target Sockets.
[[0;32m  OK  [0m] Reached target Basic System.
         Starting LSB: Record successful boot for GRUB...
[[0;32m  OK  [0m] Started Snappy daemon.
         Starting Accounts Service...
         Starting LSB: MD monitoring daemon...
         Starting LXD - container startup/shutdown...
[[0;32m  OK  [0m] Started FUSE filesystem for LXC.
[[0;32m  OK  [0m] Started Deferred execution scheduler.
         Starting System Logging Service...
[[0;32m  OK  [0m] Started ACPI event daemon.
         Starting Login Service...
[[0;32m  OK  [0m] Started Regular background program processing daemon.
[[0;32m  OK  [0m] Started D-Bus System Message Bus.
[[0;32m  OK  [0m] Started System Logging Service.
[[0;32m  OK  [0m] Started LXD - container startup/shutdown.
[[0;32m  OK  [0m] Started Login Service.
[[0;32m  OK  [0m] Started LSB: Record successful boot for GRUB.
[[0;32m  OK  [0m] Started LSB: MD monitoring daemon.
         Starting Authenticate and Authorize Users to Run Privileged Tasks...
[[0;32m  OK  [0m] Started Authenticate and Authorize Users to Run Privileged Tasks.
[[0;32m  OK  [0m] Started Accounts Service.
[[0;32m  OK  [0m] Started Raise network interfaces.
         Starting Initial cloud-init job (metadata service crawler)...
[[0;32m  OK  [0m] Reached target Network.
[   20.977609] cloud-init[2079]: Cloud-init v. 0.7.7 running 'init' at Thu, 02 Mar 2017 22:57:32 +0000. Up 20.08 seconds.
[   21.088709] cloud-init[2079]: ci-info: ++++++++++++++++++++++++++++++++++++++Net device info++++++++++++++++++++++++++++++++++++++
[[0;32m  OK  [0m] Started Initial cloud-init job (metadata service crawler).
[   21.154510] cloud-init[2079]: ci-info: +--------+-------+----------------------------+---------------+-------+-------------------+
[   21.288810] cloud-init[2079]: ci-info: | Device |   Up  |          Address           |      Mask     | Scope |     Hw-Address    |
[[0;32m  OK  [0m] Reached target Cloud-config availability.
[[0;32m  OK  [0m] Reached target Network is Online.
         Starting iSCSI initiator daemon (iscsid)...
         Starting /etc/rc.local Compatibility...
         Starting Apply the settings specified in cloud-config...
[   21.391633] cloud-init[2079]: ci-info: +--------+-------+----------------------------+---------------+-------+-------------------+
         Starting Seed the pseudo random number generator on first boot...
[[0;32m  OK  [0m] Started /etc/rc.local Compatibility.
[[0;32m  OK  [0m] Started iSCSI initiator daemon (iscsid).
[   21.470818] cloud-init[2079]: ci-info: |   lo   |  True |         127.0.0.1          |   255.0.0.0   |   .   |         .         |
[   21.547404] cloud-init[2079]: ci-info: |   lo   |  True |          ::1/128           |       .       |  host |         .         |
[   21.580290] cloud-init[2079]: ci-info: | enp0s8 | False |             .              |       .       |   .   | 08:00:27:29:22:3a |
[   21.581160] cloud-init[2079]: ci-info: | enp0s3 |  True |         10.0.2.15          | 255.255.255.0 |   .   | 02:af:4b:8e:d4:f5 |
[   21.581306] cloud-init[2079]: ci-info: | enp0s3 |  True | fe80::af:4bff:fe8e:d4f5/64 |       .       |  link | 02:af:4b:8e:d4:f5 |
[   21.581391] cloud-init[2079]: ci-info: +--------+-------+----------------------------+---------------+-------+-------------------+
[   21.581449] cloud-init[2079]: ci-info: +++++++++++++++++++++++++++Route IPv4 info++++++++++++++++++++++++++++
[   21.581500] cloud-init[2079]: ci-info: +-------+-------------+----------+---------------+-----------+-------+
[   21.581618] cloud-init[2079]: ci-info: | Route | Destination | Gateway  |    Genmask    | Interface | Flags |
[   21.581689] cloud-init[2079]: ci-info: +-------+-------------+----------+---------------+-----------+-------+
[   21.581777] cloud-init[2079]: ci-info: |   0   |   0.0.0.0   | 10.0.2.2 |    0.0.0.0    |   enp0s3  |   UG  |
[   21.581853] cloud-init[2079]: ci-info: |   1   |   10.0.2.0  | 0.0.0.0  | 255.255.255.0 |   enp0s3  |   U   |
[   21.581974] cloud-init[2079]: ci-info: +-------+-------------+----------+---------------+-----------+-------+
[   21.582877] cloud-init[2079]: Generating public/private rsa key pair.
[   21.582937] cloud-init[2079]: Your identification has been saved in /etc/ssh/ssh_host_rsa_key.
[   21.583012] cloud-init[2079]: Your public key has been saved in /etc/ssh/ssh_host_rsa_key.pub.
[   21.583063] cloud-init[2079]: The key fingerprint is:
[   21.583118] cloud-init[2079]: SHA256:e5dFCL8nZLpGVBoVtvk1MvNXKxBRK8fnXnn39Sboo08 root@ubuntu-xenial
[   21.583169] cloud-init[2079]: The key's randomart image is:
[   21.583306] cloud-init[2079]: +---[RSA 2048]----+
[   21.583379] cloud-init[2079]: |          o+Bo   |
[   21.583435] cloud-init[2079]: |           Bo+.  |
[   21.583485] cloud-init[2079]: |          ooBB.oo|
         Starting Login to default iSCSI targets...
[   21.592634] cloud-init[2079]: |         . +++B.=|
[   21.872634] cloud-init[2079]: |        S o o.+=*|
[   21.909876] cloud-init[2079]: |         o . *o O|
[[0;32m  OK  [0m] Started Login to default iSCSI targets.
[   21.950122] cloud-init[2079]: |        . + E ..+|
[   22.004541] cloud-init[2079]: |         o +.  o |
[   22.005346] cloud-init[2079]: |          .oo.   |
[   22.005510] cloud-init[2079]: +----[SHA256]-----+
[   22.005819] cloud-init[2079]: Generating public/private dsa key pair.
[   22.005948] cloud-init[2079]: Your identification has been saved in /etc/ssh/ssh_host_dsa_key.
[   22.006250] cloud-init[2079]: Your public key has been saved in /etc/ssh/ssh_host_dsa_key.pub.
[   22.006409] cloud-init[2079]: The key fingerprint is:
[   22.006623] cloud-init[2079]: SHA256:jt9AHNUuhnRqgpyRSSoI1bdGp4CcmszL1VOaBF8cmeo root@ubuntu-xenial
[   22.007155] cloud-init[2079]: The key's randomart image is:
[   22.007750] cloud-init[2079]: +---[DSA 1024]----+
[[0;32m  OK  [0m] Reached target Remote File Systems (Pre).
[[0;32m  OK  [0m] Reached target Remote File Systems.
         Starting LSB: Set the CPU Frequency Scaling governor to "ondemand"...
         [   22.012558] cloud-init[2079]: |.o.*oo.o+ ..     |Starting LSB: automatic crash report generation...
         Starting LSB: daemon to balance interrupts for SMP systems...
         Starting Permit User Sessions...

[   22.184692] cloud-init[2079]: |o +.B.+=o.. .    |
[[0;32m  OK  [0m] Started Permit User Sessions.
[   22.219184] cloud-init[2079]: |=o..oO==.+ .     |
[   22.268958] cloud-init[2079]: |o+ .+*=.+.o .    |
[   22.282392] cloud-init[2079]: |. o ...oS. .     |
[   22.332266] cloud-init[2079]: | o   E +         |
[   22.332649] cloud-init[2079]: |      . o        |
[   22.332700] cloud-init[2079]: |       . o       |
[   22.332747] cloud-init[2079]: |        . .      |
[   22.332801] cloud-init[2079]: +----[SHA256]-----+
[   22.332877] cloud-init[2079]: Generating public/private ecdsa key pair.
[   22.332943] cloud-init[2079]: Your identification has been saved in /etc/ssh/ssh_host_ecdsa_key.
[   22.332998] cloud-init[2079]: Your public key has been saved in /etc/ssh/ssh_host_ecdsa_key.pub.
[   22.333053] cloud-init[2079]: The key fingerprint is:
[   22.333101] cloud-init[2079]: SHA256:v2wgpp/wQsinZmRd/bydS/zE4mgGLb9Bau1V+TCwWas root@ubuntu-xenial
[   22.333166] cloud-init[2079]: The key's randomart image is:
[   22.333214] cloud-init[2079]: +---[ECDSA 256]---+
[   22.333258] cloud-init[2079]: |                 |
[   22.333393] cloud-init[2079]: |                 |
[   22.333471] cloud-init[2079]: |       .    . .  |
[   22.333519] cloud-init[2079]: |      . .    = o |
[   22.333576] cloud-init[2079]: | . o .  S+. o *  |
[   22.333624] cloud-init[2079]: |  = + o +=+. + + |
[   22.333671] cloud-init[2079]: | o +.o .o=+oE.o .|
[   22.333721] cloud-init[2079]: |  + oo o o*Bo+   |
[   22.333770] cloud-init[2079]: | o   o+  +*.o..  |
[   22.333816] cloud-init[2079]: +----[SHA256]-----+
[   22.333859] cloud-init[2079]: Generating public/private ed25519 key pair.
[   22.333918] cloud-init[2079]: Your identification has been saved in /etc/ssh/ssh_host_ed25519_key.
[   22.334087] cloud-init[2079]: Your public key has been saved in /etc/ssh/ssh_host_ed25519_key.pub.
[   22.334168] cloud-init[2079]: The key fingerprint is:
[   22.334221] cloud-init[2079]: SHA256:Nu83uSrSjpgvSgjuciqYmc50jDWTjmcIRIbiDa2PZ7o root@ubuntu-xenial
[   22.334270] cloud-init[2079]: The key's randomart image is:
[   22.334650] cloud-init[2079]: +--[ED25519 256]--+
[   22.334775] cloud-init[2079]: |.o.              |
[   22.334840] cloud-init[2079]: |=. .             |
[   22.334896] cloud-init[2079]: |o.+              |
[   22.334948] cloud-init[2079]: |.o ..            |
[   22.335233] cloud-init[2079]: |o o=    S        |
[   22.335294] cloud-init[2079]: |+oB+o  . o       |
[   22.335347] cloud-init[2079]: |oX=*   .  .  .   |
[   22.335396] cloud-init[2079]: |@o= .o..o.  +    |
[   22.335916] cloud-init[2079]: |=Eo.oooo..oo.o   |
[   22.335977] cloud-init[2079]: +----[SHA256]-----+
         Starting Terminate Plymouth Boot Screen...
         Starting Hold until boot process finishes up...
[[0;32m  OK  [0m] Started LSB: Set the CPU Frequency Scaling governor to "ondemand".
[[0;32m  OK  [0m] Started LSB: daemon to balance interrupts for SMP systems.
[[0;32m  OK  [0m] Started Terminate Plymouth Boot Screen.
[[0;32m  OK  [0m] Started Hold until boot process finishes up.
         Starting Set console scheme...
[[0;32m  OK  [0m] Started Getty on tty1.
[[0;32m  OK  [0m] Started Serial Getty on ttyS0.
[[0;32m  OK  [0m] Reached target Login Prompts.
[[0;32m  OK  [0m] Started LSB: automatic crash report generation.
[[0;32m  OK  [0m] Started Set console scheme.
[   23.258702] cloud-init[2166]: Generating locales (this might take a while)...
[[0;32m  OK  [0m] Started Seed the pseudo random number generator on first boot.
         Starting OpenBSD Secure Shell server...
[[0;32m  OK  [0m] Started OpenBSD Secure Shell server.
[   24.759910] cloud-init[2166]:   en_US.UTF-8... done
[   24.773156] cloud-init[2166]: Generation complete.
         Stopping OpenBSD Secure Shell server...
[[0;32m  OK  [0m] Stopped OpenBSD Secure Shell server.
         Starting OpenBSD Secure Shell server...
[[0;32m  OK  [0m] Started OpenBSD Secure Shell server.
[[0;32m  OK  [0m] Created slice User Slice of ubuntu.
         Starting User Manager for UID 1000...
[[0;32m  OK  [0m] Started Session 1 of user ubuntu.
[[0;32m  OK  [0m] Started User Manager for UID 1000.
[   25.625002] cloud-init[2166]: Cloud-init v. 0.7.7 running 'modules:config' at Thu, 02 Mar 2017 22:57:35 +0000. Up 22.99 seconds.
[[0;32m  OK  [0m] Started Apply the settings specified in cloud-config.
         Starting Execute cloud user/final scripts...
ci-info: no authorized ssh keys fingerprints found for user ubuntu.
<14>Mar  2 22:57:38 ec2: 
<14>Mar  2 22:57:38 ec2: #############################################################
<14>Mar  2 22:57:38 ec2: -----BEGIN SSH HOST KEY FINGERPRINTS-----
<14>Mar  2 22:57:38 ec2: 1024 SHA256:jt9AHNUuhnRqgpyRSSoI1bdGp4CcmszL1VOaBF8cmeo root@ubuntu-xenial (DSA)
<14>Mar  2 22:57:38 ec2: 256 SHA256:v2wgpp/wQsinZmRd/bydS/zE4mgGLb9Bau1V+TCwWas root@ubuntu-xenial (ECDSA)
<14>Mar  2 22:57:38 ec2: 256 SHA256:Nu83uSrSjpgvSgjuciqYmc50jDWTjmcIRIbiDa2PZ7o root@ubuntu-xenial (ED25519)
<14>Mar  2 22:57:38 ec2: 2048 SHA256:e5dFCL8nZLpGVBoVtvk1MvNXKxBRK8fnXnn39Sboo08 root@ubuntu-xenial (RSA)
<14>Mar  2 22:57:38 ec2: -----END SSH HOST KEY FINGERPRINTS-----
<14>Mar  2 22:57:38 ec2: #############################################################
-----BEGIN SSH HOST KEY KEYS-----
ecdsa-sha2-nistp256 AAAAE2VjZHNhLXNoYTItbmlzdHAyNTYAAAAIbmlzdHAyNTYAAABBBB2N+u+yt7SrhuLCNjJ6oXH0xWqwtNzRl+IokG5BO0sgSTY8hXQKlI3QTJ72SqJM2f0bGBv8QVmZPz92E+Q8sio= root@ubuntu-xenial
ssh-ed25519 AAAAC3NzaC1lZDI1NTE5AAAAILyS5t6DIte38h8hPb9oSHQwJi+RsURxj9SbeAufhRTJ root@ubuntu-xenial
ssh-rsa AAAAB3NzaC1yc2EAAAADAQABAAABAQDbhxjjQi5CdjW7hCCh6qyIihs89lBlywm2wcGTzgBWf1HR+Iij1Hqb0bx4nL0fCo78djzerW72AIkxqYiKQDVYoiLOprddHspkixWX8ni9+q0Y0cS9wsdxNb1IfSv+2zFBkl0gLC++50i3zKqm391KCgidTD59OLQdhhjPLGKgUWCSgqYIEEwgyAVnKK1znnlp6fJH7XN9a5/hJq6jQ69/bXiv+bkuNLVb4l0TqFRy8/rPNCA9DOifCBLzLxw9iR4U1tK2py0BUCfXFSPbDzkdLsOyzS+n7qmx3L8Kkg+GOdwZlCzVhlObfPmbe590GPtDW3+IgVEjh6j8MjsKl/G9 root@ubuntu-xenial
-----END SSH HOST KEY KEYS-----
[   27.281449] cloud-init[2417]: Cloud-init v. 0.7.7 running 'modules:final' at Thu, 02 Mar 2017 22:57:38 +0000. Up 26.54 seconds.
[   27.392446] cloud-init[2417]: ci-info: no authorized ssh keys fingerprints found for user ubuntu.
[   27.447950] cloud-init[2417]: Cloud-init v. 0.7.7 finished at Thu, 02 Mar 2017 22:57:39 +0000. Datasource DataSourceNoCloud [seed=/dev/sdb][dsmode=net].  Up 27.26 seconds
[[0;32m  OK  [0m] Started Execute cloud user/final scripts.
[[0;32m  OK  [0m] Reached target Cloud-init target.
[[0;32m  OK  [0m] Reached target Multi-User System.
[[0;32m  OK  [0m] Reached target Graphical Interface.
         Starting Update UTMP about System Runlevel Changes...
[[0;32m  OK  [0m] Started Update UTMP about System Runlevel Changes.

Ubuntu 16.04.1 LTS ubuntu-xenial ttyS0

ubuntu-xenial login: 